// Jest Snapshot v1, https://goo.gl/fbAQLP

exports[`Test AppNavbar 1`] = `
<div>
  <nav
    className="navbar navbar navbar-expand-sm navbar-dark bg-dark"
  >
    <div
      className="container"
    >
      <a
        className="navbar-brand"
        href="/"
      >
        FutWeb
      </a>
      <button
        aria-label="Toggle navigation"
        className="navbar-toggler"
        onClick={[Function]}
        type="button"
      >
        <span
          className="navbar-toggler-icon"
        />
      </button>
      <div
        className="collapse navbar-collapse"
        style={Object {}}
      >
        <ul
          className="ml-auto navbar-nav"
        >
          <li
            className="nav-item"
          >
            <a
              className="nav-link"
              href="https://www.youtube.com/watch?v=ZJHUn8cV13w"
              onClick={[Function]}
            >
              Maren blir overrasket
            </a>
          </li>
        </ul>
      </div>
    </div>
  </nav>
</div>
`;
